Welcome to Ubuntu 14.04.2 LTS (GNU/Linux 3.13.0-49-generic x86_64)

 * Documentation:  https://help.ubuntu.com/

  System information as of Thu Aug 27 13:26:26 UTC 2015

  System load:  0.96              Processes:           80
  Usage of /:   2.8% of 39.34GB   Users logged in:     0
  Memory usage: 24%               IP address for eth0: 10.0.2.15
  Swap usage:   0%

  Graph this data and manage this system at:
    https://landscape.canonical.com/

  Get cloud support with Ubuntu Advantage Cloud Guest:
    http://www.ubuntu.com/business/services/cloud

0 packages can be updated.
0 updates are security updates.


vagrant@vagrant-ubuntu-trusty-64:~$ sudo add-apt-repository -y ppa:ethereum/ethereum
gpg: keyring `/tmp/tmp0yewpc6w/secring.gpg' created
gpg: keyring `/tmp/tmp0yewpc6w/pubring.gpg' created
gpg: requesting key 923F6CA9 from hkp server keyserver.ubuntu.com
gpg: /tmp/tmp0yewpc6w/trustdb.gpg: trustdb created
gpg: key 923F6CA9: public key "Launchpad PPA for Ethereum" imported
gpg: Total number processed: 1
gpg:               imported: 1  (RSA: 1)
OK
vagrant@vagrant-ubuntu-trusty-64:~$ sudo add-apt-repository -y ppa:ethereum/ethereum-dev
gpg: keyring `/tmp/tmpipnesknr/secring.gpg' created
gpg: keyring `/tmp/tmpipnesknr/pubring.gpg' created
gpg: requesting key 923F6CA9 from hkp server keyserver.ubuntu.com
gpg: /tmp/tmpipnesknr/trustdb.gpg: trustdb created
gpg: key 923F6CA9: public key "Launchpad PPA for Ethereum" imported
gpg: Total number processed: 1
gpg:               imported: 1  (RSA: 1)
OK
vagrant@vagrant-ubuntu-trusty-64:~$ apt-get -y update
E: Could not open lock file /var/lib/apt/lists/lock - open (13: Permission denied)
E: Unable to lock directory /var/lib/apt/lists/
E: Could not open lock file /var/lib/dpkg/lock - open (13: Permission denied)
E: Unable to lock the administration directory (/var/lib/dpkg/), are you root?
vagrant@vagrant-ubuntu-trusty-64:~$ sudo apt-get -y update
Ign http://ppa.launchpad.net trusty InRelease
Ign http://ppa.launchpad.net trusty InRelease
Get:1 http://ppa.launchpad.net trusty Release.gpg [316 B]
Get:2 http://ppa.launchpad.net trusty Release.gpg [316 B]
Get:3 http://ppa.launchpad.net trusty Release [15.1 kB]
Get:4 http://ppa.launchpad.net trusty Release [15.1 kB]
Get:5 http://ppa.launchpad.net trusty/main amd64 Packages [5,381 B]
Get:6 http://ppa.launchpad.net trusty/main Translation-en [1,737 B]
Ign http://security.ubuntu.com trusty-security InRelease
Get:7 http://ppa.launchpad.net trusty/main amd64 Packages [7,890 B]
Get:8 http://ppa.launchpad.net trusty/main Translation-en [4,720 B]
Get:9 http://security.ubuntu.com trusty-security Release.gpg [933 B]
Get:10 http://security.ubuntu.com trusty-security Release [63.5 kB]
Ign http://archive.ubuntu.com trusty InRelease
Get:11 http://security.ubuntu.com trusty-security/main Sources [92.7 kB]
Ign http://archive.ubuntu.com trusty-updates InRelease
Get:12 http://security.ubuntu.com trusty-security/universe Sources [29.9 kB]
Get:13 http://security.ubuntu.com trusty-security/main amd64 Packages [335 kB]
Hit http://archive.ubuntu.com trusty Release.gpg
Get:14 http://archive.ubuntu.com trusty-updates Release.gpg [933 B]
Get:15 http://security.ubuntu.com trusty-security/universe amd64 Packages [114 kB]
Get:16 http://security.ubuntu.com trusty-security/main Translation-en [182 kB]
Hit http://archive.ubuntu.com trusty Release
Get:17 http://security.ubuntu.com trusty-security/universe Translation-en [66.9 kB]
Get:18 http://archive.ubuntu.com trusty-updates Release [63.5 kB]
Get:19 http://archive.ubuntu.com trusty/main Sources [1,064 kB]
Get:20 http://archive.ubuntu.com trusty/universe Sources [6,399 kB]
Hit http://archive.ubuntu.com trusty/main amd64 Packages
Hit http://archive.ubuntu.com trusty/universe amd64 Packages
Hit http://archive.ubuntu.com trusty/main Translation-en
Hit http://archive.ubuntu.com trusty/universe Translation-en
Get:21 http://archive.ubuntu.com trusty-updates/main Sources [230 kB]
Get:22 http://archive.ubuntu.com trusty-updates/universe Sources [134 kB]
Get:23 http://archive.ubuntu.com trusty-updates/main amd64 Packages [609 kB]
Get:24 http://archive.ubuntu.com trusty-updates/universe amd64 Packages [309 kB]
Get:25 http://archive.ubuntu.com trusty-updates/main Translation-en [293 kB]
Get:26 http://archive.ubuntu.com trusty-updates/universe Translation-en [164 kB]
Ign http://archive.ubuntu.com trusty/main Translation-en_US
Ign http://archive.ubuntu.com trusty/universe Translation-en_US
Fetched 10.2 MB in 25s (404 kB/s)
Reading package lists... Done
vagrant@vagrant-ubuntu-trusty-64:~$ sudo apt-get install ethereum
Reading package lists... Done
Building dependency tree
Reading state information... Done
The following extra packages will be installed:
  bootnode disasm ethtest evm geth rlpdump ttf-ancient-fonts
The following NEW packages will be installed:
  bootnode disasm ethereum ethtest evm geth rlpdump ttf-ancient-fonts
0 upgraded, 8 newly installed, 0 to remove and 120 not upgraded.
Need to get 22.4 MB of archives.
After this operation, 72.5 MB of additional disk space will be used.
Do you want to continue? [Y/n] y
Get:1 http://ppa.launchpad.net/ethereum/ethereum-dev/ubuntu/ trusty/main bootnode amd64 1.1.0+759SNAPSHOT20150826220839trusty-0ubuntu1 [1,763 kB]
Get:2 http://archive.ubuntu.com/ubuntu/ trusty/universe ttf-ancient-fonts all 2.57-1 [10.6 MB]
Get:3 http://ppa.launchpad.net/ethereum/ethereum-dev/ubuntu/ trusty/main disasm amd64 1.1.0+759SNAPSHOT20150826220839trusty-0ubuntu1 [719 kB]
Get:4 http://ppa.launchpad.net/ethereum/ethereum-dev/ubuntu/ trusty/main geth amd64 1.1.0+759SNAPSHOT20150826220839trusty-0ubuntu1 [3,443 kB]
Get:5 http://ppa.launchpad.net/ethereum/ethereum-dev/ubuntu/ trusty/main evm amd64 1.1.0+759SNAPSHOT20150826220839trusty-0ubuntu1 [2,725 kB]
Get:6 http://ppa.launchpad.net/ethereum/ethereum-dev/ubuntu/ trusty/main rlpdump amd64 1.1.0+759SNAPSHOT20150826220839trusty-0ubuntu1 [438 kB]
Get:7 http://ppa.launchpad.net/ethereum/ethereum-dev/ubuntu/ trusty/main ethtest amd64 1.1.0+759SNAPSHOT20150826220839trusty-0ubuntu1 [2,638 kB]
Get:8 http://ppa.launchpad.net/ethereum/ethereum-dev/ubuntu/ trusty/main ethereum amd64 1.1.0+759SNAPSHOT20150826220839trusty-0ubuntu1 [3,908 B]
Fetched 22.4 MB in 11s (1,984 kB/s)
Selecting previously unselected package ttf-ancient-fonts.
(Reading database ... 60974 files and directories currently installed.)
Preparing to unpack .../ttf-ancient-fonts_2.57-1_all.deb ...
Unpacking ttf-ancient-fonts (2.57-1) ...
Selecting previously unselected package bootnode.
Preparing to unpack .../bootnode_1.1.0+759SNAPSHOT20150826220839trusty-0ubuntu1_amd64.deb ...
Unpacking bootnode (1.1.0+759SNAPSHOT20150826220839trusty-0ubuntu1) ...
Selecting previously unselected package disasm.
Preparing to unpack .../disasm_1.1.0+759SNAPSHOT20150826220839trusty-0ubuntu1_amd64.deb ...
Unpacking disasm (1.1.0+759SNAPSHOT20150826220839trusty-0ubuntu1) ...
Selecting previously unselected package geth.
Preparing to unpack .../geth_1.1.0+759SNAPSHOT20150826220839trusty-0ubuntu1_amd64.deb ...
Unpacking geth (1.1.0+759SNAPSHOT20150826220839trusty-0ubuntu1) ...
Selecting previously unselected package evm.
Preparing to unpack .../evm_1.1.0+759SNAPSHOT20150826220839trusty-0ubuntu1_amd64.deb ...
Unpacking evm (1.1.0+759SNAPSHOT20150826220839trusty-0ubuntu1) ...
Selecting previously unselected package rlpdump.
Preparing to unpack .../rlpdump_1.1.0+759SNAPSHOT20150826220839trusty-0ubuntu1_amd64.deb ...
Unpacking rlpdump (1.1.0+759SNAPSHOT20150826220839trusty-0ubuntu1) ...
Selecting previously unselected package ethtest.
Preparing to unpack .../ethtest_1.1.0+759SNAPSHOT20150826220839trusty-0ubuntu1_amd64.deb ...
Unpacking ethtest (1.1.0+759SNAPSHOT20150826220839trusty-0ubuntu1) ...
Selecting previously unselected package ethereum.
Preparing to unpack .../ethereum_1.1.0+759SNAPSHOT20150826220839trusty-0ubuntu1_amd64.deb ...
Unpacking ethereum (1.1.0+759SNAPSHOT20150826220839trusty-0ubuntu1) ...
Setting up ttf-ancient-fonts (2.57-1) ...
Setting up bootnode (1.1.0+759SNAPSHOT20150826220839trusty-0ubuntu1) ...
Setting up disasm (1.1.0+759SNAPSHOT20150826220839trusty-0ubuntu1) ...
Setting up geth (1.1.0+759SNAPSHOT20150826220839trusty-0ubuntu1) ...
Setting up evm (1.1.0+759SNAPSHOT20150826220839trusty-0ubuntu1) ...
Setting up rlpdump (1.1.0+759SNAPSHOT20150826220839trusty-0ubuntu1) ...
Setting up ethtest (1.1.0+759SNAPSHOT20150826220839trusty-0ubuntu1) ...
Setting up ethereum (1.1.0+759SNAPSHOT20150826220839trusty-0ubuntu1) ...
vagrant@vagrant-ubuntu-trusty-64:~$ sudo apt-add-repository ppa:george-edison55/cmake-3.x
 Provides up to date builds of CMake 3.x for recent releases of Ubuntu. This currently includes:

* 14.04 - Trusty Tahr
* 14.10 - Utopic Unicorn
* 15.04 - Vivid Vervet

These builds were created by taking the Debian packaging for CMake 3.0 from Vivid and adapting it for each new release (adjusting patches, adding changelog entries, etc.).
 More info: https://launchpad.net/~george-edison55/+archive/ubuntu/cmake-3.x
Press [ENTER] to continue or ctrl-c to cancel adding it

gpg: keyring `/tmp/tmpn2rhsgrs/secring.gpg' created
gpg: keyring `/tmp/tmpn2rhsgrs/pubring.gpg' created
gpg: requesting key 828AB726 from hkp server keyserver.ubuntu.com
gpg: /tmp/tmpn2rhsgrs/trustdb.gpg: trustdb created
gpg: key 828AB726: public key "Launchpad George Edison's PPA" imported
gpg: Total number processed: 1
gpg:               imported: 1  (RSA: 1)
OK
vagrant@vagrant-ubuntu-trusty-64:~$ sudo apt-get -y update
Ign http://ppa.launchpad.net trusty InRelease
Ign http://ppa.launchpad.net trusty InRelease
Ign http://security.ubuntu.com trusty-security InRelease
Ign http://ppa.launchpad.net trusty InRelease
Hit http://ppa.launchpad.net trusty Release.gpg
Hit http://security.ubuntu.com trusty-security Release.gpg
Hit http://ppa.launchpad.net trusty Release.gpg
Hit http://security.ubuntu.com trusty-security Release
Get:1 http://ppa.launchpad.net trusty Release.gpg [316 B]
Hit http://ppa.launchpad.net trusty Release
Hit http://security.ubuntu.com trusty-security/main Sources
Hit http://ppa.launchpad.net trusty Release
Get:2 http://ppa.launchpad.net trusty Release [15.1 kB]
Hit http://security.ubuntu.com trusty-security/universe Sources
Hit http://security.ubuntu.com trusty-security/main amd64 Packages
Hit http://ppa.launchpad.net trusty/main amd64 Packages
Hit http://security.ubuntu.com trusty-security/universe amd64 Packages
Hit http://ppa.launchpad.net trusty/main Translation-en
Hit http://security.ubuntu.com trusty-security/main Translation-en
Hit http://ppa.launchpad.net trusty/main amd64 Packages
Hit http://security.ubuntu.com trusty-security/universe Translation-en
Hit http://ppa.launchpad.net trusty/main Translation-en
Get:3 http://ppa.launchpad.net trusty/main amd64 Packages [1,850 B]
Get:4 http://ppa.launchpad.net trusty/main Translation-en [1,230 B]
Ign http://archive.ubuntu.com trusty InRelease
Ign http://archive.ubuntu.com trusty-updates InRelease
Hit http://archive.ubuntu.com trusty Release.gpg
Hit http://archive.ubuntu.com trusty-updates Release.gpg
Hit http://archive.ubuntu.com trusty Release
Hit http://archive.ubuntu.com trusty-updates Release
Hit http://archive.ubuntu.com trusty/main Sources
Hit http://archive.ubuntu.com trusty/universe Sources
Hit http://archive.ubuntu.com trusty/main amd64 Packages
Hit http://archive.ubuntu.com trusty/universe amd64 Packages
Hit http://archive.ubuntu.com trusty/main Translation-en
Hit http://archive.ubuntu.com trusty/universe Translation-en
Hit http://archive.ubuntu.com trusty-updates/main Sources
Hit http://archive.ubuntu.com trusty-updates/universe Sources
Hit http://archive.ubuntu.com trusty-updates/main amd64 Packages
Hit http://archive.ubuntu.com trusty-updates/universe amd64 Packages
Hit http://archive.ubuntu.com trusty-updates/main Translation-en
Hit http://archive.ubuntu.com trusty-updates/universe Translation-en
Ign http://archive.ubuntu.com trusty/main Translation-en_US
Ign http://archive.ubuntu.com trusty/universe Translation-en_US
Fetched 18.5 kB in 2s (6,231 B/s)
Reading package lists... Done
vagrant@vagrant-ubuntu-trusty-64:~$ sudo apt-get -y install language-pack-en-base
Reading package lists... Done
Building dependency tree
Reading state information... Done
The following extra packages will be installed:
  language-pack-en
The following NEW packages will be installed:
  language-pack-en language-pack-en-base
0 upgraded, 2 newly installed, 0 to remove and 120 not upgraded.
Need to get 474 kB of archives.
After this operation, 4,329 kB of additional disk space will be used.
Get:1 http://archive.ubuntu.com/ubuntu/ trusty-updates/main language-pack-en-base all 1:14.04+20150219 [472 kB]
Get:2 http://archive.ubuntu.com/ubuntu/ trusty-updates/main language-pack-en all 1:14.04+20150219 [1,828 B]
Fetched 474 kB in 0s (2,954 kB/s)
Selecting previously unselected package language-pack-en-base.
(Reading database ... 61032 files and directories currently installed.)
Preparing to unpack .../language-pack-en-base_1%3a14.04+20150219_all.deb ...
Unpacking language-pack-en-base (1:14.04+20150219) ...
Selecting previously unselected package language-pack-en.
Preparing to unpack .../language-pack-en_1%3a14.04+20150219_all.deb ...
Unpacking language-pack-en (1:14.04+20150219) ...
Setting up language-pack-en (1:14.04+20150219) ...
Setting up language-pack-en-base (1:14.04+20150219) ...
Generating locales...
  en_AG.UTF-8... done
  en_AU.UTF-8... done
  en_BW.UTF-8... done
  en_CA.UTF-8... done
  en_DK.UTF-8... done
  en_GB.UTF-8... done
  en_HK.UTF-8... done
  en_IE.UTF-8... done
  en_IN.UTF-8... done
  en_NG.UTF-8... done
  en_NZ.UTF-8... done
  en_PH.UTF-8... done
  en_SG.UTF-8... done
  en_US.UTF-8... up-to-date
  en_ZA.UTF-8... done
  en_ZM.UTF-8... done
  en_ZW.UTF-8... done
Generation complete.
vagrant@vagrant-ubuntu-trusty-64:~$ sudo dpkg-reconfigure locales
Generating locales...
  en_AG.UTF-8... up-to-date
  en_AU.UTF-8... up-to-date
  en_BW.UTF-8... up-to-date
  en_CA.UTF-8... up-to-date
  en_DK.UTF-8... up-to-date
  en_GB.UTF-8... up-to-date
  en_HK.UTF-8... up-to-date
  en_IE.UTF-8... up-to-date
  en_IN.UTF-8... up-to-date
  en_NG.UTF-8... up-to-date
  en_NZ.UTF-8... up-to-date
  en_PH.UTF-8... up-to-date
  en_SG.UTF-8... up-to-date
  en_US.UTF-8... up-to-date
  en_ZA.UTF-8... up-to-date
  en_ZM.UTF-8... up-to-date
  en_ZW.UTF-8... up-to-date
Generation complete.
vagrant@vagrant-ubuntu-trusty-64:~$ sudo apt-get -y install software-properties-common
Reading package lists... Done
Building dependency tree
Reading state information... Done
software-properties-common is already the newest version.
0 upgraded, 0 newly installed, 0 to remove and 120 not upgraded.
vagrant@vagrant-ubuntu-trusty-64:~$ wget -O - http://llvm.org/apt/llvm-snapshot.gpg.key | sudo apt-key add -
--2015-08-27 13:29:53--  http://llvm.org/apt/llvm-snapshot.gpg.key
Resolving llvm.org (llvm.org)... 192.17.58.186
Connecting to llvm.org (llvm.org)|192.17.58.186|:80... connected.
HTTP request sent, awaiting response... 200 OK
Length: 3145 (3.1K) [application/pgp-keys]
Saving to: ‘STDOUT’

100%[==========================================================================================================================================>] 3,145       --.-K/s   in 0s

2015-08-27 13:29:53 (254 MB/s) - written to stdout [3145/3145]

OK
vagrant@vagrant-ubuntu-trusty-64:~$ sudo add-apt-repository "deb http://llvm.org/apt/trusty/ llvm-toolchain-trusty main"
vagrant@vagrant-ubuntu-trusty-64:~$ sudo add-apt-repository -y ppa:ethereum/ethereum-qt
gpg: keyring `/tmp/tmphor1g3pg/secring.gpg' created
gpg: keyring `/tmp/tmphor1g3pg/pubring.gpg' created
gpg: requesting key 923F6CA9 from hkp server keyserver.ubuntu.com
gpg: /tmp/tmphor1g3pg/trustdb.gpg: trustdb created
gpg: key 923F6CA9: public key "Launchpad PPA for Ethereum" imported
gpg: Total number processed: 1
gpg:               imported: 1  (RSA: 1)
OK
vagrant@vagrant-ubuntu-trusty-64:~$ sudo add-apt-repository -y ppa:ethereum/ethereum
gpg: keyring `/tmp/tmp5wr5npeb/secring.gpg' created
gpg: keyring `/tmp/tmp5wr5npeb/pubring.gpg' created
gpg: requesting key 923F6CA9 from hkp server keyserver.ubuntu.com
gpg: /tmp/tmp5wr5npeb/trustdb.gpg: trustdb created
gpg: key 923F6CA9: public key "Launchpad PPA for Ethereum" imported
gpg: Total number processed: 1
gpg:               imported: 1  (RSA: 1)
OK
vagrant@vagrant-ubuntu-trusty-64:~$ sudo add-apt-repository -y ppa:ethereum/ethereum-dev
gpg: keyring `/tmp/tmpupg4i0in/secring.gpg' created
gpg: keyring `/tmp/tmpupg4i0in/pubring.gpg' created
gpg: requesting key 923F6CA9 from hkp server keyserver.ubuntu.com
gpg: /tmp/tmpupg4i0in/trustdb.gpg: trustdb created
gpg: key 923F6CA9: public key "Launchpad PPA for Ethereum" imported
gpg: Total number processed: 1
gpg:               imported: 1  (RSA: 1)
OK
vagrant@vagrant-ubuntu-trusty-64:~$ sudo apt-get -y update
Ign http://ppa.launchpad.net trusty InRelease
Ign http://ppa.launchpad.net trusty InRelease
Ign http://ppa.launchpad.net trusty InRelease
Ign http://ppa.launchpad.net trusty InRelease
Hit http://ppa.launchpad.net trusty Release.gpg
Get:1 http://ppa.launchpad.net trusty Release.gpg [316 B]
Hit http://ppa.launchpad.net trusty Release.gpg
Hit http://ppa.launchpad.net trusty Release.gpg
Hit http://ppa.launchpad.net trusty Release
Get:2 http://ppa.launchpad.net trusty Release [15.1 kB]
Hit http://ppa.launchpad.net trusty Release
Hit http://ppa.launchpad.net trusty Release
Hit http://ppa.launchpad.net trusty/main amd64 Packages
Hit http://ppa.launchpad.net trusty/main Translation-en
Ign http://archive.ubuntu.com trusty InRelease
Ign http://security.ubuntu.com trusty-security InRelease
Get:3 http://ppa.launchpad.net trusty/main amd64 Packages [22.0 kB]
Get:4 http://llvm.org llvm-toolchain-trusty InRelease [4,230 B]
Get:5 http://ppa.launchpad.net trusty/main Translation-en [8,285 B]
Hit http://ppa.launchpad.net trusty/main amd64 Packages
Hit http://ppa.launchpad.net trusty/main Translation-en
Hit http://ppa.launchpad.net trusty/main amd64 Packages
Ign http://archive.ubuntu.com trusty-updates InRelease
Hit http://security.ubuntu.com trusty-security Release.gpg
Hit http://ppa.launchpad.net trusty/main Translation-en
Get:6 http://llvm.org llvm-toolchain-trusty/main amd64 Packages [6,230 B]
Hit http://archive.ubuntu.com trusty Release.gpg
Hit http://security.ubuntu.com trusty-security Release
Hit http://archive.ubuntu.com trusty-updates Release.gpg
Hit http://security.ubuntu.com trusty-security/main Sources
Hit http://archive.ubuntu.com trusty Release
Hit http://security.ubuntu.com trusty-security/universe Sources
Hit http://archive.ubuntu.com trusty-updates Release
Hit http://security.ubuntu.com trusty-security/main amd64 Packages
Hit http://archive.ubuntu.com trusty/main Sources
Hit http://archive.ubuntu.com trusty/universe Sources
Hit http://security.ubuntu.com trusty-security/universe amd64 Packages
Hit http://archive.ubuntu.com trusty/main amd64 Packages
Hit http://security.ubuntu.com trusty-security/main Translation-en
Hit http://archive.ubuntu.com trusty/universe amd64 Packages
Hit http://security.ubuntu.com trusty-security/universe Translation-en
Hit http://archive.ubuntu.com trusty/main Translation-en
Hit http://archive.ubuntu.com trusty/universe Translation-en
Ign http://llvm.org llvm-toolchain-trusty/main Translation-en_US
Hit http://archive.ubuntu.com trusty-updates/main Sources
Ign http://llvm.org llvm-toolchain-trusty/main Translation-en
Hit http://archive.ubuntu.com trusty-updates/universe Sources
Hit http://archive.ubuntu.com trusty-updates/main amd64 Packages
Hit http://archive.ubuntu.com trusty-updates/universe amd64 Packages
Hit http://archive.ubuntu.com trusty-updates/main Translation-en
Hit http://archive.ubuntu.com trusty-updates/universe Translation-en
Ign http://archive.ubuntu.com trusty/main Translation-en_US
Ign http://archive.ubuntu.com trusty/universe Translation-en_US
Fetched 56.2 kB in 2s (21.8 kB/s)
Reading package lists... Done
vagrant@vagrant-ubuntu-trusty-64:~$ sudo apt-get -y upgrade
Reading package lists... Done
Building dependency tree
Reading state information... Done
Calculating upgrade... Done
The following packages have been kept back:
  linux-headers-generic linux-headers-virtual linux-image-virtual
  linux-virtual
The following packages will be upgraded:
  accountsservice apparmor apport apt apt-transport-https apt-utils base-files
  bind9-host binutils bsdutils cloud-init cpp-4.8 curl dh-python
  distro-info-data dkms dnsutils fuse gcc-4.8 gcc-4.8-base gdisk grub-common
  grub-pc grub-pc-bin grub2-common initscripts iproute2 irqbalance
  isc-dhcp-client isc-dhcp-common juju juju-core libaccountsservice0
  libapparmor-perl libapparmor1 libapt-inst1.5 libapt-pkg4.12 libasan0
  libatomic1 libbind9-90 libblkid1 libcurl3 libcurl3-gnutls libdns100
  libdrm-intel1 libdrm-nouveau2 libdrm-radeon1 libdrm2 libfuse2 libgcc-4.8-dev
  libgomp1 libicu52 libisc95 libisccc90 libisccfg90 libitm1 libldap-2.4-2
  liblwres90 libmount1 libnuma1 libpam-systemd libparted0debian1 libpcre3
  libpython2.7 libpython2.7-minimal libpython2.7-stdlib libpython3.4-minimal
  libpython3.4-stdlib libquadmath0 libsqlite3-0 libssl1.0.0 libstdc++6
  libsystemd-daemon0 libsystemd-login0 libtasn1-6 libtsan0 libudev1 libuuid1
  linux-libc-dev login mount openssh-client openssh-server openssh-sftp-server
  openssl overlayroot parted passwd patch pollinate ppp puppet puppet-common
  python-apport python-pkg-resources python-problem-report python-requests
  python-six python2.7 python2.7-minimal python3-apport python3-problem-report
  python3-update-manager python3.4 python3.4-minimal rsyslog systemd-services
  sysv-rc sysvinit-utils tcpdump tzdata udev unattended-upgrades
  update-manager-core util-linux uuid-runtime
116 upgraded, 0 newly installed, 0 to remove and 4 not upgraded.
Need to get 70.6 MB of archives.
After this operation, 21.6 MB of additional disk space will be used.
Get:1 http://archive.ubuntu.com/ubuntu/ trusty-updates/main base-files amd64 7.2ubuntu5.3 [60.9 kB]
Get:2 http://archive.ubuntu.com/ubuntu/ trusty-updates/main login amd64 1:4.1.5.1-1ubuntu9.1 [301 kB]
Get:3 http://archive.ubuntu.com/ubuntu/ trusty-updates/main mount amd64 2.20.1-5.1ubuntu20.6 [114 kB]
Get:4 http://archive.ubuntu.com/ubuntu/ trusty-updates/main tzdata all 2015f-0ubuntu0.14.04 [171 kB]
Get:5 http://archive.ubuntu.com/ubuntu/ trusty-updates/main sysvinit-utils amd64 2.88dsf-41ubuntu6.2 [53.1 kB]
Get:6 http://archive.ubuntu.com/ubuntu/ trusty-updates/main sysv-rc all 2.88dsf-41ubuntu6.2 [36.4 kB]
Get:7 http://archive.ubuntu.com/ubuntu/ trusty-updates/main util-linux amd64 2.20.1-5.1ubuntu20.6 [458 kB]
Get:8 http://archive.ubuntu.com/ubuntu/ trusty-updates/main libtsan0 amd64 4.8.4-2ubuntu1~14.04 [94.7 kB]
Get:9 http://archive.ubuntu.com/ubuntu/ trusty-updates/main libquadmath0 amd64 4.8.4-2ubuntu1~14.04 [126 kB]
Get:10 http://archive.ubuntu.com/ubuntu/ trusty-updates/main libitm1 amd64 4.8.4-2ubuntu1~14.04 [28.6 kB]
Get:11 http://archive.ubuntu.com/ubuntu/ trusty-updates/main libgomp1 amd64 4.8.4-2ubuntu1~14.04 [23.1 kB]
Get:12 http://archive.ubuntu.com/ubuntu/ trusty-updates/main libatomic1 amd64 4.8.4-2ubuntu1~14.04 [8,650 B]
Get:13 http://archive.ubuntu.com/ubuntu/ trusty-updates/main libasan0 amd64 4.8.4-2ubuntu1~14.04 [63.0 kB]
Get:14 http://archive.ubuntu.com/ubuntu/ trusty-updates/main gcc-4.8 amd64 4.8.4-2ubuntu1~14.04 [5,049 kB]
Get:15 http://archive.ubuntu.com/ubuntu/ trusty-updates/main cpp-4.8 amd64 4.8.4-2ubuntu1~14.04 [4,597 kB]
Get:16 http://archive.ubuntu.com/ubuntu/ trusty-updates/main binutils amd64 2.24-5ubuntu13 [2,076 kB]
Get:17 http://archive.ubuntu.com/ubuntu/ trusty-updates/main libgcc-4.8-dev amd64 4.8.4-2ubuntu1~14.04 [1,687 kB]
Get:18 http://archive.ubuntu.com/ubuntu/ trusty-updates/main gcc-4.8-base amd64 4.8.4-2ubuntu1~14.04 [15.9 kB]
Get:19 http://archive.ubuntu.com/ubuntu/ trusty-updates/main libstdc++6 amd64 4.8.4-2ubuntu1~14.04 [259 kB]
Get:20 http://archive.ubuntu.com/ubuntu/ trusty-updates/main libapt-pkg4.12 amd64 1.0.1ubuntu2.10 [637 kB]
Get:21 http://archive.ubuntu.com/ubuntu/ trusty-updates/main apt amd64 1.0.1ubuntu2.10 [952 kB]
Get:22 http://archive.ubuntu.com/ubuntu/ trusty-updates/main bsdutils amd64 1:2.20.1-5.1ubuntu20.6 [33.8 kB]
Get:23 http://archive.ubuntu.com/ubuntu/ trusty-updates/main passwd amd64 1:4.1.5.1-1ubuntu9.1 [755 kB]
Get:24 http://archive.ubuntu.com/ubuntu/ trusty-updates/main libuuid1 amd64 2.20.1-5.1ubuntu20.6 [10.9 kB]
Get:25 http://archive.ubuntu.com/ubuntu/ trusty-updates/main libblkid1 amd64 2.20.1-5.1ubuntu20.6 [62.5 kB]
Get:26 http://archive.ubuntu.com/ubuntu/ trusty-updates/main libmount1 amd64 2.20.1-5.1ubuntu20.6 [60.2 kB]
Get:27 http://archive.ubuntu.com/ubuntu/ trusty-updates/main libpcre3 amd64 1:8.31-2ubuntu2.1 [144 kB]
Get:28 http://archive.ubuntu.com/ubuntu/ trusty-updates/main libapt-inst1.5 amd64 1.0.1ubuntu2.10 [58.7 kB]
Get:29 http://archive.ubuntu.com/ubuntu/ trusty-updates/main libsqlite3-0 amd64 3.8.2-1ubuntu2.1 [342 kB]
Get:30 http://archive.ubuntu.com/ubuntu/ trusty-updates/main python3.4 amd64 3.4.0-2ubuntu1.1 [163 kB]
Get:31 http://archive.ubuntu.com/ubuntu/ trusty-updates/main libpython3.4-stdlib amd64 3.4.0-2ubuntu1.1 [2,014 kB]
Get:32 http://archive.ubuntu.com/ubuntu/ trusty-updates/main python3.4-minimal amd64 3.4.0-2ubuntu1.1 [1,274 kB]
Get:33 http://archive.ubuntu.com/ubuntu/ trusty-updates/main libssl1.0.0 amd64 1.0.1f-1ubuntu2.15 [826 kB]
Get:34 http://archive.ubuntu.com/ubuntu/ trusty-updates/main libpython3.4-minimal amd64 3.4.0-2ubuntu1.1 [443 kB]
Get:35 http://archive.ubuntu.com/ubuntu/ trusty-updates/main libtasn1-6 amd64 3.4-3ubuntu0.3 [43.6 kB]
Get:36 http://archive.ubuntu.com/ubuntu/ trusty-updates/main libdrm2 amd64 2.4.60-2~ubuntu14.04.1 [23.5 kB]
Get:37 http://archive.ubuntu.com/ubuntu/ trusty-updates/main initscripts amd64 2.88dsf-41ubuntu6.2 [27.7 kB]
Get:38 http://archive.ubuntu.com/ubuntu/ trusty-updates/main udev amd64 204-5ubuntu20.13 [735 kB]
Get:39 http://archive.ubuntu.com/ubuntu/ trusty-updates/main libudev1 amd64 204-5ubuntu20.13 [33.2 kB]
Get:40 http://archive.ubuntu.com/ubuntu/ trusty-updates/main libldap-2.4-2 amd64 2.4.31-1+nmu2ubuntu8.1 [153 kB]
Get:41 http://archive.ubuntu.com/ubuntu/ trusty-updates/main libcurl3-gnutls amd64 7.35.0-1ubuntu2.5 [165 kB]
Get:42 http://archive.ubuntu.com/ubuntu/ trusty-updates/main fuse amd64 2.9.2-4ubuntu4.14.04.1 [25.1 kB]
Get:43 http://archive.ubuntu.com/ubuntu/ trusty-updates/main libfuse2 amd64 2.9.2-4ubuntu4.14.04.1 [87.4 kB]
Get:44 http://archive.ubuntu.com/ubuntu/ trusty-updates/main libnuma1 amd64 2.0.9~rc5-1ubuntu3.14.04.1 [20.5 kB]
Get:45 http://archive.ubuntu.com/ubuntu/ trusty-updates/main libpam-systemd amd64 204-5ubuntu20.13 [25.5 kB]
Get:46 http://archive.ubuntu.com/ubuntu/ trusty-updates/main systemd-services amd64 204-5ubuntu20.13 [197 kB]
Get:47 http://archive.ubuntu.com/ubuntu/ trusty-updates/main libsystemd-daemon0 amd64 204-5ubuntu20.13 [9,668 B]
Get:48 http://archive.ubuntu.com/ubuntu/ trusty-updates/main libparted0debian1 amd64 2.3-19ubuntu1.14.04.1 [203 kB]
Get:49 http://archive.ubuntu.com/ubuntu/ trusty-updates/main libsystemd-login0 amd64 204-5ubuntu20.13 [26.7 kB]
Get:50 http://archive.ubuntu.com/ubuntu/ trusty-updates/main curl amd64 7.35.0-1ubuntu2.5 [123 kB]
Get:51 http://archive.ubuntu.com/ubuntu/ trusty-updates/main libcurl3 amd64 7.35.0-1ubuntu2.5 [173 kB]
Get:52 http://archive.ubuntu.com/ubuntu/ trusty-updates/main libdrm-intel1 amd64 2.4.60-2~ubuntu14.04.1 [55.8 kB]
Get:53 http://archive.ubuntu.com/ubuntu/ trusty-updates/main libdrm-nouveau2 amd64 2.4.60-2~ubuntu14.04.1 [13.7 kB]
Get:54 http://archive.ubuntu.com/ubuntu/ trusty-updates/main libdrm-radeon1 amd64 2.4.60-2~ubuntu14.04.1 [23.3 kB]
Get:55 http://archive.ubuntu.com/ubuntu/ trusty-updates/main libicu52 amd64 52.1-3ubuntu0.3 [6,752 kB]
Get:56 http://archive.ubuntu.com/ubuntu/ trusty-updates/main python2.7 amd64 2.7.6-8ubuntu0.2 [196 kB]
Get:57 http://archive.ubuntu.com/ubuntu/ trusty-updates/main python2.7-minimal amd64 2.7.6-8ubuntu0.2 [1,185 kB]
Get:58 http://archive.ubuntu.com/ubuntu/ trusty-updates/main libpython2.7 amd64 2.7.6-8ubuntu0.2 [1,039 kB]
Get:59 http://archive.ubuntu.com/ubuntu/ trusty-updates/main libpython2.7-stdlib amd64 2.7.6-8ubuntu0.2 [1,869 kB]
Get:60 http://archive.ubuntu.com/ubuntu/ trusty-updates/main libpython2.7-minimal amd64 2.7.6-8ubuntu0.2 [308 kB]
Get:61 http://archive.ubuntu.com/ubuntu/ trusty-updates/main apt-utils amd64 1.0.1ubuntu2.10 [171 kB]
Get:62 http://archive.ubuntu.com/ubuntu/ trusty-updates/main dh-python all 1.20140128-1ubuntu8.2 [51.1 kB]
Get:63 http://archive.ubuntu.com/ubuntu/ trusty-updates/main isc-dhcp-client amd64 4.2.4-7ubuntu12.3 [639 kB]
Get:64 http://archive.ubuntu.com/ubuntu/ trusty-updates/main isc-dhcp-common amd64 4.2.4-7ubuntu12.3 [708 kB]
Get:65 http://archive.ubuntu.com/ubuntu/ trusty-updates/main iproute2 amd64 3.12.0-2ubuntu1 [401 kB]
Get:66 http://archive.ubuntu.com/ubuntu/ trusty-updates/main rsyslog amd64 7.4.4-1ubuntu2.6 [355 kB]
Get:67 http://archive.ubuntu.com/ubuntu/ trusty-updates/main accountsservice amd64 0.6.35-0ubuntu7.2 [60.4 kB]
Get:68 http://archive.ubuntu.com/ubuntu/ trusty-updates/main libaccountsservice0 amd64 0.6.35-0ubuntu7.2 [69.7 kB]
Get:69 http://archive.ubuntu.com/ubuntu/ trusty-updates/main libapparmor1 amd64 2.8.95~2430-0ubuntu5.3 [25.5 kB]
Get:70 http://archive.ubuntu.com/ubuntu/ trusty-updates/main libapparmor-perl amd64 2.8.95~2430-0ubuntu5.3 [26.8 kB]
Get:71 http://archive.ubuntu.com/ubuntu/ trusty-updates/main apparmor amd64 2.8.95~2430-0ubuntu5.3 [319 kB]
Get:72 http://archive.ubuntu.com/ubuntu/ trusty-updates/main apt-transport-https amd64 1.0.1ubuntu2.10 [25.1 kB]
Get:73 http://archive.ubuntu.com/ubuntu/ trusty-updates/main bind9-host amd64 1:9.9.5.dfsg-3ubuntu0.4 [46.4 kB]
Get:74 http://archive.ubuntu.com/ubuntu/ trusty-updates/main dnsutils amd64 1:9.9.5.dfsg-3ubuntu0.4 [96.8 kB]
Get:75 http://archive.ubuntu.com/ubuntu/ trusty-updates/main libisc95 amd64 1:9.9.5.dfsg-3ubuntu0.4 [148 kB]
Get:76 http://archive.ubuntu.com/ubuntu/ trusty-updates/main libdns100 amd64 1:9.9.5.dfsg-3ubuntu0.4 [644 kB]
Get:77 http://archive.ubuntu.com/ubuntu/ trusty-updates/main libisccc90 amd64 1:9.9.5.dfsg-3ubuntu0.4 [15.7 kB]
Get:78 http://archive.ubuntu.com/ubuntu/ trusty-updates/main libisccfg90 amd64 1:9.9.5.dfsg-3ubuntu0.4 [35.9 kB]
Get:79 http://archive.ubuntu.com/ubuntu/ trusty-updates/main liblwres90 amd64 1:9.9.5.dfsg-3ubuntu0.4 [32.8 kB]
Get:80 http://archive.ubuntu.com/ubuntu/ trusty-updates/main libbind9-90 amd64 1:9.9.5.dfsg-3ubuntu0.4 [22.0 kB]
Get:81 http://archive.ubuntu.com/ubuntu/ trusty-updates/main irqbalance amd64 1.0.6-2ubuntu0.14.04.2 [31.0 kB]
Get:82 http://archive.ubuntu.com/ubuntu/ trusty-updates/main openssh-sftp-server amd64 1:6.6p1-2ubuntu2.3 [34.1 kB]
Get:83 http://archive.ubuntu.com/ubuntu/ trusty-updates/main openssh-server amd64 1:6.6p1-2ubuntu2.3 [319 kB]
Get:84 http://archive.ubuntu.com/ubuntu/ trusty-updates/main openssh-client amd64 1:6.6p1-2ubuntu2.3 [564 kB]
Get:85 http://archive.ubuntu.com/ubuntu/ trusty-updates/main openssl amd64 1.0.1f-1ubuntu2.15 [489 kB]
Get:86 http://archive.ubuntu.com/ubuntu/ trusty-updates/main parted amd64 2.3-19ubuntu1.14.04.1 [44.2 kB]
Get:87 http://archive.ubuntu.com/ubuntu/ trusty-updates/main ppp amd64 2.4.5-5.1ubuntu2.2 [311 kB]
Get:88 http://archive.ubuntu.com/ubuntu/ trusty-updates/main python3-update-manager all 1:0.196.13 [31.5 kB]
Get:89 http://archive.ubuntu.com/ubuntu/ trusty-updates/main update-manager-core all 1:0.196.13 [5,258 B]
Get:90 http://archive.ubuntu.com/ubuntu/ trusty-updates/main tcpdump amd64 4.5.1-2ubuntu1.2 [355 kB]
Get:91 http://archive.ubuntu.com/ubuntu/ trusty-updates/main uuid-runtime amd64 2.20.1-5.1ubuntu20.6 [12.3 kB]
Get:92 http://archive.ubuntu.com/ubuntu/ trusty-updates/main grub-pc amd64 2.02~beta2-9ubuntu1.3 [173 kB]
Get:93 http://archive.ubuntu.com/ubuntu/ trusty-updates/main grub-pc-bin amd64 2.02~beta2-9ubuntu1.3 [882 kB]
Get:94 http://archive.ubuntu.com/ubuntu/ trusty-updates/main grub2-common amd64 2.02~beta2-9ubuntu1.3 [501 kB]
Get:95 http://archive.ubuntu.com/ubuntu/ trusty-updates/main grub-common amd64 2.02~beta2-9ubuntu1.3 [1,674 kB]
Get:96 http://archive.ubuntu.com/ubuntu/ trusty-updates/main python3-problem-report all 2.14.1-0ubuntu3.12 [9,578 B]
Get:97 http://archive.ubuntu.com/ubuntu/ trusty-updates/main python3-apport all 2.14.1-0ubuntu3.12 [75.1 kB]
Get:98 http://archive.ubuntu.com/ubuntu/ trusty-updates/main apport all 2.14.1-0ubuntu3.12 [180 kB]
Get:99 http://archive.ubuntu.com/ubuntu/ trusty-updates/main distro-info-data all 0.18ubuntu0.3 [4,294 B]
Get:100 http://archive.ubuntu.com/ubuntu/ trusty-updates/main patch amd64 2.7.1-4ubuntu2.3 [86.4 kB]
Get:101 http://archive.ubuntu.com/ubuntu/ trusty-updates/main dkms all 2.2.0.3-1.1ubuntu5.14.04.1 [64.6 kB]
Get:102 http://archive.ubuntu.com/ubuntu/ trusty-updates/main linux-libc-dev amd64 3.13.0-62.102 [776 kB]
Get:103 http://archive.ubuntu.com/ubuntu/ trusty-updates/main pollinate all 4.7-0ubuntu1.3 [14.0 kB]
Get:104 http://archive.ubuntu.com/ubuntu/ trusty-updates/main puppet all 3.4.3-1ubuntu1.1 [12.4 kB]
Get:105 http://archive.ubuntu.com/ubuntu/ trusty-updates/main puppet-common all 3.4.3-1ubuntu1.1 [830 kB]
Get:106 http://archive.ubuntu.com/ubuntu/ trusty-updates/main python-problem-report all 2.14.1-0ubuntu3.12 [9,510 B]
Get:107 http://archive.ubuntu.com/ubuntu/ trusty-updates/main python-apport all 2.14.1-0ubuntu3.12 [75.0 kB]
Get:108 http://archive.ubuntu.com/ubuntu/ trusty-updates/main python-pkg-resources all 3.3-1ubuntu2 [61.9 kB]
Get:109 http://archive.ubuntu.com/ubuntu/ trusty-updates/main python-requests all 2.2.1-1ubuntu0.3 [43.1 kB]
Get:110 http://archive.ubuntu.com/ubuntu/ trusty-updates/main python-six all 1.5.2-1ubuntu1 [8,238 B]
Get:111 http://archive.ubuntu.com/ubuntu/ trusty-updates/main unattended-upgrades all 0.82.1ubuntu2.3 [25.5 kB]
Get:112 http://archive.ubuntu.com/ubuntu/ trusty-updates/main cloud-init all 0.7.5-0ubuntu1.7 [195 kB]
Get:113 http://archive.ubuntu.com/ubuntu/ trusty-updates/main gdisk amd64 0.8.8-1ubuntu0.1 [185 kB]
Get:114 http://archive.ubuntu.com/ubuntu/ trusty-updates/universe juju-core amd64 1.22.6-0ubuntu1~14.04.1 [22.1 MB]
Get:115 http://archive.ubuntu.com/ubuntu/ trusty-updates/universe juju all 1.22.6-0ubuntu1~14.04.1 [17.7 kB]
Get:116 http://archive.ubuntu.com/ubuntu/ trusty-updates/main overlayroot all 0.25ubuntu1.14.04.1 [14.5 kB]
Fetched 70.6 MB in 1min 19s (885 kB/s)
Extracting templates from packages: 100%
Preconfiguring packages ...
(Reading database ... 61654 files and directories currently installed.)
Preparing to unpack .../base-files_7.2ubuntu5.3_amd64.deb ...
Unpacking base-files (7.2ubuntu5.3) over (7.2ubuntu5.2) ...
Processing triggers for install-info (5.2.0.dfsg.1-2) ...
Processing triggers for man-db (2.6.7.1-1ubuntu1) ...
Processing triggers for plymouth-theme-ubuntu-text (0.8.8-0ubuntu17.1) ...
update-initramfs: deferring update (trigger activated)
Processing triggers for initramfs-tools (0.103ubuntu4.2) ...
update-initramfs: Generating /boot/initrd.img-3.13.0-49-generic
Setting up base-files (7.2ubuntu5.3) ...
Installing new version of config file /etc/issue ...
Installing new version of config file /etc/issue.net ...
Installing new version of config file /etc/lsb-release ...
Installing new version of config file /etc/os-release ...
Processing triggers for plymouth-theme-ubuntu-text (0.8.8-0ubuntu17.1) ...
update-initramfs: deferring update (trigger activated)
Processing triggers for initramfs-tools (0.103ubuntu4.2) ...
update-initramfs: Generating /boot/initrd.img-3.13.0-49-generic
(Reading database ... 61654 files and directories currently installed.)
Preparing to unpack .../login_1%3a4.1.5.1-1ubuntu9.1_amd64.deb ...
Unpacking login (1:4.1.5.1-1ubuntu9.1) over (1:4.1.5.1-1ubuntu9) ...
Processing triggers for man-db (2.6.7.1-1ubuntu1) ...
Setting up login (1:4.1.5.1-1ubuntu9.1) ...
(Reading database ... 61654 files and directories currently installed.)
Preparing to unpack .../mount_2.20.1-5.1ubuntu20.6_amd64.deb ...
Unpacking mount (2.20.1-5.1ubuntu20.6) over (2.20.1-5.1ubuntu20.4) ...
Processing triggers for man-db (2.6.7.1-1ubuntu1) ...
Setting up mount (2.20.1-5.1ubuntu20.6) ...
(Reading database ... 61654 files and directories currently installed.)
Preparing to unpack .../tzdata_2015f-0ubuntu0.14.04_all.deb ...
Unpacking tzdata (2015f-0ubuntu0.14.04) over (2015c-0ubuntu0.14.04) ...
Setting up tzdata (2015f-0ubuntu0.14.04) ...

Current default time zone: 'Etc/UTC'
Local time is now:      Thu Aug 27 13:32:08 UTC 2015.
Universal Time is now:  Thu Aug 27 13:32:08 UTC 2015.
Run 'dpkg-reconfigure tzdata' if you wish to change it.

(Reading database ... 61654 files and directories currently installed.)
Preparing to unpack .../sysvinit-utils_2.88dsf-41ubuntu6.2_amd64.deb ...
Unpacking sysvinit-utils (2.88dsf-41ubuntu6.2) over (2.88dsf-41ubuntu6.1) ...
Preparing to unpack .../sysv-rc_2.88dsf-41ubuntu6.2_all.deb ...
Unpacking sysv-rc (2.88dsf-41ubuntu6.2) over (2.88dsf-41ubuntu6.1) ...
Processing triggers for man-db (2.6.7.1-1ubuntu1) ...
Processing triggers for ureadahead (0.100.0-16) ...
Setting up sysvinit-utils (2.88dsf-41ubuntu6.2) ...
Setting up sysv-rc (2.88dsf-41ubuntu6.2) ...
(Reading database ... 61654 files and directories currently installed.)
Preparing to unpack .../util-linux_2.20.1-5.1ubuntu20.6_amd64.deb ...
Unpacking util-linux (2.20.1-5.1ubuntu20.6) over (2.20.1-5.1ubuntu20.4) ...
Processing triggers for install-info (5.2.0.dfsg.1-2) ...
Processing triggers for man-db (2.6.7.1-1ubuntu1) ...
Processing triggers for mime-support (3.54ubuntu1.1) ...
Processing triggers for ureadahead (0.100.0-16) ...
Setting up util-linux (2.20.1-5.1ubuntu20.6) ...
(Reading database ... 61654 files and directories currently installed.)
Preparing to unpack .../libtsan0_4.8.4-2ubuntu1~14.04_amd64.deb ...
Unpacking libtsan0:amd64 (4.8.4-2ubuntu1~14.04) over (4.8.2-19ubuntu1) ...
Preparing to unpack .../libquadmath0_4.8.4-2ubuntu1~14.04_amd64.deb ...
Unpacking libquadmath0:amd64 (4.8.4-2ubuntu1~14.04) over (4.8.2-19ubuntu1) ...
Preparing to unpack .../libitm1_4.8.4-2ubuntu1~14.04_amd64.deb ...
Unpacking libitm1:amd64 (4.8.4-2ubuntu1~14.04) over (4.8.2-19ubuntu1) ...
Preparing to unpack .../libgomp1_4.8.4-2ubuntu1~14.04_amd64.deb ...
Unpacking libgomp1:amd64 (4.8.4-2ubuntu1~14.04) over (4.8.2-19ubuntu1) ...
Preparing to unpack .../libatomic1_4.8.4-2ubuntu1~14.04_amd64.deb ...
Unpacking libatomic1:amd64 (4.8.4-2ubuntu1~14.04) over (4.8.2-19ubuntu1) ...
Preparing to unpack .../libasan0_4.8.4-2ubuntu1~14.04_amd64.deb ...
Unpacking libasan0:amd64 (4.8.4-2ubuntu1~14.04) over (4.8.2-19ubuntu1) ...
Preparing to unpack .../gcc-4.8_4.8.4-2ubuntu1~14.04_amd64.deb ...
Unpacking gcc-4.8 (4.8.4-2ubuntu1~14.04) over (4.8.2-19ubuntu1) ...
Preparing to unpack .../cpp-4.8_4.8.4-2ubuntu1~14.04_amd64.deb ...
Unpacking cpp-4.8 (4.8.4-2ubuntu1~14.04) over (4.8.2-19ubuntu1) ...
Preparing to unpack .../binutils_2.24-5ubuntu13_amd64.deb ...
Unpacking binutils (2.24-5ubuntu13) over (2.24-5ubuntu3.1) ...
Preparing to unpack .../libgcc-4.8-dev_4.8.4-2ubuntu1~14.04_amd64.deb ...
Unpacking libgcc-4.8-dev:amd64 (4.8.4-2ubuntu1~14.04) over (4.8.2-19ubuntu1) ...
Preparing to unpack .../gcc-4.8-base_4.8.4-2ubuntu1~14.04_amd64.deb ...
Unpacking gcc-4.8-base:amd64 (4.8.4-2ubuntu1~14.04) over (4.8.2-19ubuntu1) ...
Processing triggers for man-db (2.6.7.1-1ubuntu1) ...
Setting up gcc-4.8-base:amd64 (4.8.4-2ubuntu1~14.04) ...
(Reading database ... 61654 files and directories currently installed.)
Preparing to unpack .../libstdc++6_4.8.4-2ubuntu1~14.04_amd64.deb ...
Unpacking libstdc++6:amd64 (4.8.4-2ubuntu1~14.04) over (4.8.2-19ubuntu1) ...
Setting up libstdc++6:amd64 (4.8.4-2ubuntu1~14.04) ...
Processing triggers for libc-bin (2.19-0ubuntu6.6) ...
(Reading database ... 61667 files and directories currently installed.)
Preparing to unpack .../libapt-pkg4.12_1.0.1ubuntu2.10_amd64.deb ...
Unpacking libapt-pkg4.12:amd64 (1.0.1ubuntu2.10) over (1.0.1ubuntu2.7) ...
Setting up libapt-pkg4.12:amd64 (1.0.1ubuntu2.10) ...
Processing triggers for libc-bin (2.19-0ubuntu6.6) ...
(Reading database ... 61667 files and directories currently installed.)
Preparing to unpack .../apt_1.0.1ubuntu2.10_amd64.deb ...
Unpacking apt (1.0.1ubuntu2.10) over (1.0.1ubuntu2.7) ...
Processing triggers for man-db (2.6.7.1-1ubuntu1) ...
Setting up apt (1.0.1ubuntu2.10) ...
Processing triggers for libc-bin (2.19-0ubuntu6.6) ...
(Reading database ... 61667 files and directories currently installed.)
Preparing to unpack .../bsdutils_1%3a2.20.1-5.1ubuntu20.6_amd64.deb ...
Unpacking bsdutils (1:2.20.1-5.1ubuntu20.6) over (1:2.20.1-5.1ubuntu20.4) ...
Processing triggers for man-db (2.6.7.1-1ubuntu1) ...
Setting up bsdutils (1:2.20.1-5.1ubuntu20.6) ...
(Reading database ... 61667 files and directories currently installed.)
Preparing to unpack .../passwd_1%3a4.1.5.1-1ubuntu9.1_amd64.deb ...
Unpacking passwd (1:4.1.5.1-1ubuntu9.1) over (1:4.1.5.1-1ubuntu9) ...
Processing triggers for ureadahead (0.100.0-16) ...
Processing triggers for man-db (2.6.7.1-1ubuntu1) ...
Setting up passwd (1:4.1.5.1-1ubuntu9.1) ...
(Reading database ... 61667 files and directories currently installed.)
Preparing to unpack .../libuuid1_2.20.1-5.1ubuntu20.6_amd64.deb ...
Unpacking libuuid1:amd64 (2.20.1-5.1ubuntu20.6) over (2.20.1-5.1ubuntu20.4) ...
Setting up libuuid1:amd64 (2.20.1-5.1ubuntu20.6) ...
Processing triggers for libc-bin (2.19-0ubuntu6.6) ...
(Reading database ... 61667 files and directories currently installed.)
Preparing to unpack .../libblkid1_2.20.1-5.1ubuntu20.6_amd64.deb ...
Unpacking libblkid1:amd64 (2.20.1-5.1ubuntu20.6) over (2.20.1-5.1ubuntu20.4) ...
Setting up libblkid1:amd64 (2.20.1-5.1ubuntu20.6) ...
Processing triggers for libc-bin (2.19-0ubuntu6.6) ...
(Reading database ... 61667 files and directories currently installed.)
Preparing to unpack .../libmount1_2.20.1-5.1ubuntu20.6_amd64.deb ...
Unpacking libmount1:amd64 (2.20.1-5.1ubuntu20.6) over (2.20.1-5.1ubuntu20.4) ...
Setting up libmount1:amd64 (2.20.1-5.1ubuntu20.6) ...
Processing triggers for libc-bin (2.19-0ubuntu6.6) ...
(Reading database ... 61667 files and directories currently installed.)
Preparing to unpack .../libpcre3_1%3a8.31-2ubuntu2.1_amd64.deb ...
Unpacking libpcre3:amd64 (1:8.31-2ubuntu2.1) over (1:8.31-2ubuntu2) ...
Processing triggers for man-db (2.6.7.1-1ubuntu1) ...
Setting up libpcre3:amd64 (1:8.31-2ubuntu2.1) ...
Processing triggers for libc-bin (2.19-0ubuntu6.6) ...
(Reading database ... 61667 files and directories currently installed.)
Preparing to unpack .../libapt-inst1.5_1.0.1ubuntu2.10_amd64.deb ...
Unpacking libapt-inst1.5:amd64 (1.0.1ubuntu2.10) over (1.0.1ubuntu2.7) ...
Preparing to unpack .../libsqlite3-0_3.8.2-1ubuntu2.1_amd64.deb ...
Unpacking libsqlite3-0:amd64 (3.8.2-1ubuntu2.1) over (3.8.2-1ubuntu2) ...
Preparing to unpack .../python3.4_3.4.0-2ubuntu1.1_amd64.deb ...
Unpacking python3.4 (3.4.0-2ubuntu1.1) over (3.4.0-2ubuntu1) ...
Preparing to unpack .../libpython3.4-stdlib_3.4.0-2ubuntu1.1_amd64.deb ...
Unpacking libpython3.4-stdlib:amd64 (3.4.0-2ubuntu1.1) over (3.4.0-2ubuntu1) ...
Preparing to unpack .../python3.4-minimal_3.4.0-2ubuntu1.1_amd64.deb ...
Unpacking python3.4-minimal (3.4.0-2ubuntu1.1) over (3.4.0-2ubuntu1) ...
Preparing to unpack .../libssl1.0.0_1.0.1f-1ubuntu2.15_amd64.deb ...
Unpacking libssl1.0.0:amd64 (1.0.1f-1ubuntu2.15) over (1.0.1f-1ubuntu2.11) ...
Preparing to unpack .../libpython3.4-minimal_3.4.0-2ubuntu1.1_amd64.deb ...
Unpacking libpython3.4-minimal:amd64 (3.4.0-2ubuntu1.1) over (3.4.0-2ubuntu1) ...
Preparing to unpack .../libtasn1-6_3.4-3ubuntu0.3_amd64.deb ...
Unpacking libtasn1-6:amd64 (3.4-3ubuntu0.3) over (3.4-3ubuntu0.2) ...
Preparing to unpack .../libdrm2_2.4.60-2~ubuntu14.04.1_amd64.deb ...
Unpacking libdrm2:amd64 (2.4.60-2~ubuntu14.04.1) over (2.4.56-1~ubuntu2) ...
Preparing to unpack .../initscripts_2.88dsf-41ubuntu6.2_amd64.deb ...
Unpacking initscripts (2.88dsf-41ubuntu6.2) over (2.88dsf-41ubuntu6.1) ...
Preparing to unpack .../udev_204-5ubuntu20.13_amd64.deb ...
Adding 'diversion of /bin/udevadm to /bin/udevadm.upgrade by fake-udev'
Unpacking udev (204-5ubuntu20.13) over (204-5ubuntu20.11) ...
Preparing to unpack .../libudev1_204-5ubuntu20.13_amd64.deb ...
Unpacking libudev1:amd64 (204-5ubuntu20.13) over (204-5ubuntu20.11) ...
Preparing to unpack .../libldap-2.4-2_2.4.31-1+nmu2ubuntu8.1_amd64.deb ...
Unpacking libldap-2.4-2:amd64 (2.4.31-1+nmu2ubuntu8.1) over (2.4.31-1+nmu2ubuntu8) ...
Preparing to unpack .../libcurl3-gnutls_7.35.0-1ubuntu2.5_amd64.deb ...
Unpacking libcurl3-gnutls:amd64 (7.35.0-1ubuntu2.5) over (7.35.0-1ubuntu2.3) ...
Preparing to unpack .../fuse_2.9.2-4ubuntu4.14.04.1_amd64.deb ...
Unpacking fuse (2.9.2-4ubuntu4.14.04.1) over (2.9.2-4ubuntu4) ...
Preparing to unpack .../libfuse2_2.9.2-4ubuntu4.14.04.1_amd64.deb ...
Unpacking libfuse2:amd64 (2.9.2-4ubuntu4.14.04.1) over (2.9.2-4ubuntu4) ...
Preparing to unpack .../libnuma1_2.0.9~rc5-1ubuntu3.14.04.1_amd64.deb ...
Unpacking libnuma1:amd64 (2.0.9~rc5-1ubuntu3.14.04.1) over (2.0.9~rc5-1ubuntu3) ...
Preparing to unpack .../libpam-systemd_204-5ubuntu20.13_amd64.deb ...
systemd-logind stop/waiting
Unpacking libpam-systemd:amd64 (204-5ubuntu20.13) over (204-5ubuntu20.11) ...
Preparing to unpack .../systemd-services_204-5ubuntu20.13_amd64.deb ...
Unpacking systemd-services (204-5ubuntu20.13) over (204-5ubuntu20.11) ...
Preparing to unpack .../libsystemd-daemon0_204-5ubuntu20.13_amd64.deb ...
Unpacking libsystemd-daemon0:amd64 (204-5ubuntu20.13) over (204-5ubuntu20.11) ...
Preparing to unpack .../libparted0debian1_2.3-19ubuntu1.14.04.1_amd64.deb ...
Unpacking libparted0debian1:amd64 (2.3-19ubuntu1.14.04.1) over (2.3-19ubuntu1) ...
Preparing to unpack .../libsystemd-login0_204-5ubuntu20.13_amd64.deb ...
Unpacking libsystemd-login0:amd64 (204-5ubuntu20.13) over (204-5ubuntu20.11) ...
Preparing to unpack .../curl_7.35.0-1ubuntu2.5_amd64.deb ...
Unpacking curl (7.35.0-1ubuntu2.5) over (7.35.0-1ubuntu2.3) ...
Preparing to unpack .../libcurl3_7.35.0-1ubuntu2.5_amd64.deb ...
Unpacking libcurl3:amd64 (7.35.0-1ubuntu2.5) over (7.35.0-1ubuntu2.3) ...
Preparing to unpack .../libdrm-intel1_2.4.60-2~ubuntu14.04.1_amd64.deb ...
Unpacking libdrm-intel1:amd64 (2.4.60-2~ubuntu14.04.1) over (2.4.56-1~ubuntu2) ...
Preparing to unpack .../libdrm-nouveau2_2.4.60-2~ubuntu14.04.1_amd64.deb ...
Unpacking libdrm-nouveau2:amd64 (2.4.60-2~ubuntu14.04.1) over (2.4.56-1~ubuntu2) ...
Preparing to unpack .../libdrm-radeon1_2.4.60-2~ubuntu14.04.1_amd64.deb ...
Unpacking libdrm-radeon1:amd64 (2.4.60-2~ubuntu14.04.1) over (2.4.56-1~ubuntu2) ...
Preparing to unpack .../libicu52_52.1-3ubuntu0.3_amd64.deb ...
Unpacking libicu52:amd64 (52.1-3ubuntu0.3) over (52.1-3ubuntu0.2) ...
Preparing to unpack .../python2.7_2.7.6-8ubuntu0.2_amd64.deb ...
Unpacking python2.7 (2.7.6-8ubuntu0.2) over (2.7.6-8) ...
Preparing to unpack .../python2.7-minimal_2.7.6-8ubuntu0.2_amd64.deb ...
Unpacking python2.7-minimal (2.7.6-8ubuntu0.2) over (2.7.6-8) ...
Preparing to unpack .../libpython2.7_2.7.6-8ubuntu0.2_amd64.deb ...
Unpacking libpython2.7:amd64 (2.7.6-8ubuntu0.2) over (2.7.6-8) ...
Preparing to unpack .../libpython2.7-stdlib_2.7.6-8ubuntu0.2_amd64.deb ...
Unpacking libpython2.7-stdlib:amd64 (2.7.6-8ubuntu0.2) over (2.7.6-8) ...
Preparing to unpack .../libpython2.7-minimal_2.7.6-8ubuntu0.2_amd64.deb ...
Unpacking libpython2.7-minimal:amd64 (2.7.6-8ubuntu0.2) over (2.7.6-8) ...
Preparing to unpack .../apt-utils_1.0.1ubuntu2.10_amd64.deb ...
Unpacking apt-utils (1.0.1ubuntu2.10) over (1.0.1ubuntu2.7) ...
Preparing to unpack .../dh-python_1.20140128-1ubuntu8.2_all.deb ...
Unpacking dh-python (1.20140128-1ubuntu8.2) over (1.20140128-1ubuntu8) ...
Preparing to unpack .../isc-dhcp-client_4.2.4-7ubuntu12.3_amd64.deb ...
Unpacking isc-dhcp-client (4.2.4-7ubuntu12.3) over (4.2.4-7ubuntu12.1) ...
Preparing to unpack .../isc-dhcp-common_4.2.4-7ubuntu12.3_amd64.deb ...
Unpacking isc-dhcp-common (4.2.4-7ubuntu12.3) over (4.2.4-7ubuntu12.1) ...
Preparing to unpack .../iproute2_3.12.0-2ubuntu1_amd64.deb ...
Unpacking iproute2 (3.12.0-2ubuntu1) over (3.12.0-2) ...
Preparing to unpack .../rsyslog_7.4.4-1ubuntu2.6_amd64.deb ...
Unpacking rsyslog (7.4.4-1ubuntu2.6) over (7.4.4-1ubuntu2.5) ...
Preparing to unpack .../accountsservice_0.6.35-0ubuntu7.2_amd64.deb ...
Unpacking accountsservice (0.6.35-0ubuntu7.2) over (0.6.35-0ubuntu7.1) ...
Preparing to unpack .../libaccountsservice0_0.6.35-0ubuntu7.2_amd64.deb ...
Unpacking libaccountsservice0:amd64 (0.6.35-0ubuntu7.2) over (0.6.35-0ubuntu7.1) ...
Preparing to unpack .../libapparmor1_2.8.95~2430-0ubuntu5.3_amd64.deb ...
Unpacking libapparmor1:amd64 (2.8.95~2430-0ubuntu5.3) over (2.8.95~2430-0ubuntu5.1) ...
Preparing to unpack .../libapparmor-perl_2.8.95~2430-0ubuntu5.3_amd64.deb ...
Unpacking libapparmor-perl (2.8.95~2430-0ubuntu5.3) over (2.8.95~2430-0ubuntu5.1) ...
Preparing to unpack .../apparmor_2.8.95~2430-0ubuntu5.3_amd64.deb ...
Unpacking apparmor (2.8.95~2430-0ubuntu5.3) over (2.8.95~2430-0ubuntu5.1) ...
Preparing to unpack .../apt-transport-https_1.0.1ubuntu2.10_amd64.deb ...
Unpacking apt-transport-https (1.0.1ubuntu2.10) over (1.0.1ubuntu2.7) ...
Preparing to unpack .../bind9-host_1%3a9.9.5.dfsg-3ubuntu0.4_amd64.deb ...
Unpacking bind9-host (1:9.9.5.dfsg-3ubuntu0.4) over (1:9.9.5.dfsg-3ubuntu0.2) ...
Preparing to unpack .../dnsutils_1%3a9.9.5.dfsg-3ubuntu0.4_amd64.deb ...
Unpacking dnsutils (1:9.9.5.dfsg-3ubuntu0.4) over (1:9.9.5.dfsg-3ubuntu0.2) ...
Preparing to unpack .../libisc95_1%3a9.9.5.dfsg-3ubuntu0.4_amd64.deb ...
Unpacking libisc95 (1:9.9.5.dfsg-3ubuntu0.4) over (1:9.9.5.dfsg-3ubuntu0.2) ...
Preparing to unpack .../libdns100_1%3a9.9.5.dfsg-3ubuntu0.4_amd64.deb ...
Unpacking libdns100 (1:9.9.5.dfsg-3ubuntu0.4) over (1:9.9.5.dfsg-3ubuntu0.2) ...
Preparing to unpack .../libisccc90_1%3a9.9.5.dfsg-3ubuntu0.4_amd64.deb ...
Unpacking libisccc90 (1:9.9.5.dfsg-3ubuntu0.4) over (1:9.9.5.dfsg-3ubuntu0.2) ...
Preparing to unpack .../libisccfg90_1%3a9.9.5.dfsg-3ubuntu0.4_amd64.deb ...
Unpacking libisccfg90 (1:9.9.5.dfsg-3ubuntu0.4) over (1:9.9.5.dfsg-3ubuntu0.2) ...
Preparing to unpack .../liblwres90_1%3a9.9.5.dfsg-3ubuntu0.4_amd64.deb ...
Unpacking liblwres90 (1:9.9.5.dfsg-3ubuntu0.4) over (1:9.9.5.dfsg-3ubuntu0.2) ...
Preparing to unpack .../libbind9-90_1%3a9.9.5.dfsg-3ubuntu0.4_amd64.deb ...
Unpacking libbind9-90 (1:9.9.5.dfsg-3ubuntu0.4) over (1:9.9.5.dfsg-3ubuntu0.2) ...
Preparing to unpack .../irqbalance_1.0.6-2ubuntu0.14.04.2_amd64.deb ...
Unpacking irqbalance (1.0.6-2ubuntu0.14.04.2) over (1.0.6-2ubuntu0.14.04.1) ...
Preparing to unpack .../openssh-sftp-server_1%3a6.6p1-2ubuntu2.3_amd64.deb ...
Unpacking openssh-sftp-server (1:6.6p1-2ubuntu2.3) over (1:6.6p1-2ubuntu2) ...
Preparing to unpack .../openssh-server_1%3a6.6p1-2ubuntu2.3_amd64.deb ...
Unpacking openssh-server (1:6.6p1-2ubuntu2.3) over (1:6.6p1-2ubuntu2) ...
Preparing to unpack .../openssh-client_1%3a6.6p1-2ubuntu2.3_amd64.deb ...
Unpacking openssh-client (1:6.6p1-2ubuntu2.3) over (1:6.6p1-2ubuntu2) ...
Preparing to unpack .../openssl_1.0.1f-1ubuntu2.15_amd64.deb ...
Unpacking openssl (1.0.1f-1ubuntu2.15) over (1.0.1f-1ubuntu2.11) ...
Preparing to unpack .../parted_2.3-19ubuntu1.14.04.1_amd64.deb ...
Unpacking parted (2.3-19ubuntu1.14.04.1) over (2.3-19ubuntu1) ...
Preparing to unpack .../ppp_2.4.5-5.1ubuntu2.2_amd64.deb ...
Unpacking ppp (2.4.5-5.1ubuntu2.2) over (2.4.5-5.1ubuntu2.1) ...
Preparing to unpack .../python3-update-manager_1%3a0.196.13_all.deb ...
Unpacking python3-update-manager (1:0.196.13) over (1:0.196.12) ...
Preparing to unpack .../update-manager-core_1%3a0.196.13_all.deb ...
Unpacking update-manager-core (1:0.196.13) over (1:0.196.12) ...
Preparing to unpack .../tcpdump_4.5.1-2ubuntu1.2_amd64.deb ...
Unpacking tcpdump (4.5.1-2ubuntu1.2) over (4.5.1-2ubuntu1.1) ...
Preparing to unpack .../uuid-runtime_2.20.1-5.1ubuntu20.6_amd64.deb ...
Unpacking uuid-runtime (2.20.1-5.1ubuntu20.6) over (2.20.1-5.1ubuntu20.4) ...
Preparing to unpack .../grub-pc_2.02~beta2-9ubuntu1.3_amd64.deb ...
Unpacking grub-pc (2.02~beta2-9ubuntu1.3) over (2.02~beta2-9ubuntu1) ...
Preparing to unpack .../grub-pc-bin_2.02~beta2-9ubuntu1.3_amd64.deb ...
Unpacking grub-pc-bin (2.02~beta2-9ubuntu1.3) over (2.02~beta2-9ubuntu1) ...
Preparing to unpack .../grub2-common_2.02~beta2-9ubuntu1.3_amd64.deb ...
Unpacking grub2-common (2.02~beta2-9ubuntu1.3) over (2.02~beta2-9ubuntu1) ...
Preparing to unpack .../grub-common_2.02~beta2-9ubuntu1.3_amd64.deb ...
Unpacking grub-common (2.02~beta2-9ubuntu1.3) over (2.02~beta2-9ubuntu1) ...
Preparing to unpack .../python3-problem-report_2.14.1-0ubuntu3.12_all.deb ...
Unpacking python3-problem-report (2.14.1-0ubuntu3.12) over (2.14.1-0ubuntu3.10) ...
Preparing to unpack .../python3-apport_2.14.1-0ubuntu3.12_all.deb ...
Unpacking python3-apport (2.14.1-0ubuntu3.12) over (2.14.1-0ubuntu3.10) ...
Preparing to unpack .../apport_2.14.1-0ubuntu3.12_all.deb ...
apport stop/waiting
Unpacking apport (2.14.1-0ubuntu3.12) over (2.14.1-0ubuntu3.10) ...
Preparing to unpack .../distro-info-data_0.18ubuntu0.3_all.deb ...
Unpacking distro-info-data (0.18ubuntu0.3) over (0.18ubuntu0.2) ...
Preparing to unpack .../patch_2.7.1-4ubuntu2.3_amd64.deb ...
Unpacking patch (2.7.1-4ubuntu2.3) over (2.7.1-4ubuntu2) ...
Preparing to unpack .../dkms_2.2.0.3-1.1ubuntu5.14.04.1_all.deb ...
Unpacking dkms (2.2.0.3-1.1ubuntu5.14.04.1) over (2.2.0.3-1.1ubuntu5.14.04) ...
Preparing to unpack .../linux-libc-dev_3.13.0-62.102_amd64.deb ...
Unpacking linux-libc-dev:amd64 (3.13.0-62.102) over (3.13.0-49.83) ...
Preparing to unpack .../pollinate_4.7-0ubuntu1.3_all.deb ...
Unpacking pollinate (4.7-0ubuntu1.3) over (4.7-0ubuntu1.2) ...
Preparing to unpack .../puppet_3.4.3-1ubuntu1.1_all.deb ...
 * Stopping puppet agent                                                                                                                                                     [ OK ]
Unpacking puppet (3.4.3-1ubuntu1.1) over (3.4.3-1ubuntu1) ...
Preparing to unpack .../puppet-common_3.4.3-1ubuntu1.1_all.deb ...
Unpacking puppet-common (3.4.3-1ubuntu1.1) over (3.4.3-1ubuntu1) ...
Preparing to unpack .../python-problem-report_2.14.1-0ubuntu3.12_all.deb ...
Unpacking python-problem-report (2.14.1-0ubuntu3.12) over (2.14.1-0ubuntu3.10) ...
Preparing to unpack .../python-apport_2.14.1-0ubuntu3.12_all.deb ...
Unpacking python-apport (2.14.1-0ubuntu3.12) over (2.14.1-0ubuntu3.10) ...
Preparing to unpack .../python-pkg-resources_3.3-1ubuntu2_all.deb ...
Unpacking python-pkg-resources (3.3-1ubuntu2) over (3.3-1ubuntu1) ...
Preparing to unpack .../python-requests_2.2.1-1ubuntu0.3_all.deb ...
Unpacking python-requests (2.2.1-1ubuntu0.3) over (2.2.1-1ubuntu0.2) ...
Preparing to unpack .../python-six_1.5.2-1ubuntu1_all.deb ...
Unpacking python-six (1.5.2-1ubuntu1) over (1.5.2-1) ...
Preparing to unpack .../unattended-upgrades_0.82.1ubuntu2.3_all.deb ...
Unpacking unattended-upgrades (0.82.1ubuntu2.3) over (0.82.1ubuntu2.2) ...
Preparing to unpack .../cloud-init_0.7.5-0ubuntu1.7_all.deb ...
Unpacking cloud-init (0.7.5-0ubuntu1.7) over (0.7.5-0ubuntu1.5) ...
Preparing to unpack .../gdisk_0.8.8-1ubuntu0.1_amd64.deb ...
Unpacking gdisk (0.8.8-1ubuntu0.1) over (0.8.8-1build1) ...
Preparing to unpack .../juju-core_1.22.6-0ubuntu1~14.04.1_amd64.deb ...
Unpacking juju-core (1.22.6-0ubuntu1~14.04.1) over (1.20.11-0ubuntu0.14.04.1) ...
Preparing to unpack .../juju_1.22.6-0ubuntu1~14.04.1_all.deb ...
Unpacking juju (1.22.6-0ubuntu1~14.04.1) over (1.20.11-0ubuntu0.14.04.1) ...
Preparing to unpack .../overlayroot_0.25ubuntu1.14.04.1_all.deb ...
Unpacking overlayroot (0.25ubuntu1.14.04.1) over (0.25ubuntu1) ...
Processing triggers for mime-support (3.54ubuntu1.1) ...
Processing triggers for man-db (2.6.7.1-1ubuntu1) ...
Processing triggers for ureadahead (0.100.0-16) ...
Processing triggers for ufw (0.34~rc-0ubuntu2) ...
Processing triggers for install-info (5.2.0.dfsg.1-2) ...
Processing triggers for shared-mime-info (1.2-0ubuntu3) ...
Setting up libtsan0:amd64 (4.8.4-2ubuntu1~14.04) ...
Setting up libquadmath0:amd64 (4.8.4-2ubuntu1~14.04) ...
Setting up libitm1:amd64 (4.8.4-2ubuntu1~14.04) ...
Setting up libgomp1:amd64 (4.8.4-2ubuntu1~14.04) ...
Setting up libatomic1:amd64 (4.8.4-2ubuntu1~14.04) ...
Setting up libasan0:amd64 (4.8.4-2ubuntu1~14.04) ...
Setting up cpp-4.8 (4.8.4-2ubuntu1~14.04) ...
Setting up binutils (2.24-5ubuntu13) ...
Setting up libgcc-4.8-dev:amd64 (4.8.4-2ubuntu1~14.04) ...
Setting up gcc-4.8 (4.8.4-2ubuntu1~14.04) ...
Setting up libapt-inst1.5:amd64 (1.0.1ubuntu2.10) ...
Setting up libsqlite3-0:amd64 (3.8.2-1ubuntu2.1) ...
Setting up libssl1.0.0:amd64 (1.0.1f-1ubuntu2.15) ...
Setting up libpython3.4-minimal:amd64 (3.4.0-2ubuntu1.1) ...
Setting up python3.4-minimal (3.4.0-2ubuntu1.1) ...
Setting up libpython3.4-stdlib:amd64 (3.4.0-2ubuntu1.1) ...
Setting up python3.4 (3.4.0-2ubuntu1.1) ...
Setting up libtasn1-6:amd64 (3.4-3ubuntu0.3) ...
Setting up libdrm2:amd64 (2.4.60-2~ubuntu14.04.1) ...
Setting up initscripts (2.88dsf-41ubuntu6.2) ...
Setting up libudev1:amd64 (204-5ubuntu20.13) ...
Setting up udev (204-5ubuntu20.13) ...
udev stop/waiting
udev start/running, process 20306
Removing 'diversion of /bin/udevadm to /bin/udevadm.upgrade by fake-udev'
update-initramfs: deferring update (trigger activated)
Setting up libldap-2.4-2:amd64 (2.4.31-1+nmu2ubuntu8.1) ...
Setting up libcurl3-gnutls:amd64 (7.35.0-1ubuntu2.5) ...
Setting up libfuse2:amd64 (2.9.2-4ubuntu4.14.04.1) ...
Setting up fuse (2.9.2-4ubuntu4.14.04.1) ...
update-initramfs: deferring update (trigger activated)
Setting up libnuma1:amd64 (2.0.9~rc5-1ubuntu3.14.04.1) ...
Setting up libsystemd-daemon0:amd64 (204-5ubuntu20.13) ...
Setting up systemd-services (204-5ubuntu20.13) ...
Setting up libpam-systemd:amd64 (204-5ubuntu20.13) ...
systemd-logind start/running, process 20426
Setting up libparted0debian1:amd64 (2.3-19ubuntu1.14.04.1) ...
Setting up libsystemd-login0:amd64 (204-5ubuntu20.13) ...
Setting up libcurl3:amd64 (7.35.0-1ubuntu2.5) ...
Setting up curl (7.35.0-1ubuntu2.5) ...
Setting up libdrm-intel1:amd64 (2.4.60-2~ubuntu14.04.1) ...
Setting up libdrm-nouveau2:amd64 (2.4.60-2~ubuntu14.04.1) ...
Setting up libdrm-radeon1:amd64 (2.4.60-2~ubuntu14.04.1) ...
Setting up libicu52:amd64 (52.1-3ubuntu0.3) ...
Setting up libpython2.7-minimal:amd64 (2.7.6-8ubuntu0.2) ...
Setting up python2.7-minimal (2.7.6-8ubuntu0.2) ...
Setting up libpython2.7-stdlib:amd64 (2.7.6-8ubuntu0.2) ...
Setting up python2.7 (2.7.6-8ubuntu0.2) ...
Setting up libpython2.7:amd64 (2.7.6-8ubuntu0.2) ...
Setting up apt-utils (1.0.1ubuntu2.10) ...
Setting up dh-python (1.20140128-1ubuntu8.2) ...
Setting up isc-dhcp-common (4.2.4-7ubuntu12.3) ...
Setting up iproute2 (3.12.0-2ubuntu1) ...
Setting up isc-dhcp-client (4.2.4-7ubuntu12.3) ...
Setting up rsyslog (7.4.4-1ubuntu2.6) ...
Installing new version of config file /etc/apparmor.d/usr.sbin.rsyslogd ...
The user `syslog' is already a member of `adm'.
Skipping profile in /etc/apparmor.d/disable: usr.sbin.rsyslogd
rsyslog stop/waiting
rsyslog start/running, process 20648
Setting up libaccountsservice0:amd64 (0.6.35-0ubuntu7.2) ...
Setting up accountsservice (0.6.35-0ubuntu7.2) ...
Setting up libapparmor1:amd64 (2.8.95~2430-0ubuntu5.3) ...
Setting up libapparmor-perl (2.8.95~2430-0ubuntu5.3) ...
Setting up apparmor (2.8.95~2430-0ubuntu5.3) ...
Installing new version of config file /etc/apparmor.d/abstractions/ubuntu-helpers ...
Installing new version of config file /etc/apparmor.d/abstractions/php5 ...
Installing new version of config file /etc/apparmor.d/abstractions/X ...
 * Starting AppArmor profiles                                                                                                                                                       Skipping profile in /etc/apparmor.d/disable: usr.sbin.rsyslogd
                                                                                                                                                                             [ OK ]
 * Reloading AppArmor profiles                                                                                                                                                      Skipping profile in /etc/apparmor.d/disable: usr.sbin.rsyslogd
                                                                                                                                                                             [ OK ]
Setting up apt-transport-https (1.0.1ubuntu2.10) ...
Setting up libisc95 (1:9.9.5.dfsg-3ubuntu0.4) ...
Setting up libdns100 (1:9.9.5.dfsg-3ubuntu0.4) ...
Setting up libisccc90 (1:9.9.5.dfsg-3ubuntu0.4) ...
Setting up libisccfg90 (1:9.9.5.dfsg-3ubuntu0.4) ...
Setting up libbind9-90 (1:9.9.5.dfsg-3ubuntu0.4) ...
Setting up liblwres90 (1:9.9.5.dfsg-3ubuntu0.4) ...
Setting up bind9-host (1:9.9.5.dfsg-3ubuntu0.4) ...
Setting up dnsutils (1:9.9.5.dfsg-3ubuntu0.4) ...
Setting up irqbalance (1.0.6-2ubuntu0.14.04.2) ...
irqbalance stop/waiting
Setting up openssh-client (1:6.6p1-2ubuntu2.3) ...
Setting up openssh-sftp-server (1:6.6p1-2ubuntu2.3) ...
Setting up openssh-server (1:6.6p1-2ubuntu2.3) ...
Creating SSH2 ED25519 key; this may take some time ...
ssh stop/waiting
ssh start/running, process 21019
Setting up openssl (1.0.1f-1ubuntu2.15) ...
Setting up parted (2.3-19ubuntu1.14.04.1) ...
Setting up ppp (2.4.5-5.1ubuntu2.2) ...
Setting up python3-update-manager (1:0.196.13) ...
Setting up update-manager-core (1:0.196.13) ...
Setting up tcpdump (4.5.1-2ubuntu1.2) ...
Setting up uuid-runtime (2.20.1-5.1ubuntu20.6) ...
Setting up grub-common (2.02~beta2-9ubuntu1.3) ...
Installing new version of config file /etc/grub.d/00_header ...
Setting up grub2-common (2.02~beta2-9ubuntu1.3) ...
Setting up grub-pc-bin (2.02~beta2-9ubuntu1.3) ...
Setting up grub-pc (2.02~beta2-9ubuntu1.3) ...
Installing for i386-pc platform.
Installation finished. No error reported.
Generating grub configuration file ...
Found linux image: /boot/vmlinuz-3.13.0-49-generic
Found initrd image: /boot/initrd.img-3.13.0-49-generic
done
Setting up python3-problem-report (2.14.1-0ubuntu3.12) ...
Setting up python3-apport (2.14.1-0ubuntu3.12) ...
Setting up apport (2.14.1-0ubuntu3.12) ...
apport start/running
Setting up distro-info-data (0.18ubuntu0.3) ...
Setting up patch (2.7.1-4ubuntu2.3) ...
Setting up dkms (2.2.0.3-1.1ubuntu5.14.04.1) ...
Setting up linux-libc-dev:amd64 (3.13.0-62.102) ...
Setting up pollinate (4.7-0ubuntu1.3) ...
Installing new version of config file /etc/pollinate/entropy.ubuntu.com.pem ...
pollinate start/running, process 21768
Setting up puppet-common (3.4.3-1ubuntu1.1) ...
Setting up puppet (3.4.3-1ubuntu1.1) ...
 * Starting puppet agent                                                                                                                                                     [ OK ]
Setting up python-problem-report (2.14.1-0ubuntu3.12) ...
Setting up python-apport (2.14.1-0ubuntu3.12) ...
Setting up python-pkg-resources (3.3-1ubuntu2) ...
Setting up python-requests (2.2.1-1ubuntu0.3) ...
Setting up python-six (1.5.2-1ubuntu1) ...
Setting up unattended-upgrades (0.82.1ubuntu2.3) ...
Setting up cloud-init (0.7.5-0ubuntu1.7) ...
Leaving 'diversion of /etc/init/ureadahead.conf to /etc/init/ureadahead.conf.disabled by cloud-init'
Setting up gdisk (0.8.8-1ubuntu0.1) ...
Setting up juju-core (1.22.6-0ubuntu1~14.04.1) ...
update-alternatives: using /usr/lib/juju-1.22.6/bin/juju to provide /usr/bin/juju (juju) in auto mode
Setting up juju (1.22.6-0ubuntu1~14.04.1) ...
Setting up overlayroot (0.25ubuntu1.14.04.1) ...
Processing triggers for libc-bin (2.19-0ubuntu6.6) ...
Processing triggers for initramfs-tools (0.103ubuntu4.2) ...
update-initramfs: Generating /boot/initrd.img-3.13.0-49-generic
vagrant@vagrant-ubuntu-trusty-64:~$
